// Jest Snapshot v1, https://goo.gl/fbAQLP

exports[`Container [style=default] matches the snapshot 1`] = `
.c0 {
  max-width: 100%;
  margin: 0 auto;
  padding: 0 24px;
}

@media (min-width:576px) {
  .c0 {
    max-width: 576px;
  }
}

@media (min-width:768px) {
  .c0 {
    max-width: 768px;
    padding: 0 32px;
  }
}

@media (min-width:992px) {
  .c0 {
    max-width: 992px;
    padding: 0 48px;
  }
}

@media (min-width:1200px) {
  .c0 {
    max-width: 1200px;
    padding: 0 48px;
  }
}

<div>
  <div
    class="c0"
  />
</div>
`;
